Microchip MPLAB XC8 Compiler V2.32

Linker command line:

-W-3 --edf=C:\Program Files\Microchip\xc8\v2.32\pic\dat\en_msgs.txt -cn \
  -h+dist/default/production\pwm_fan_control.X.production.sym \
  --cmf=dist/default/production\pwm_fan_control.X.production.cmf -z \
  -Q18F25K50 -oC:\Users\colef\AppData\Local\Temp\xcAst0s.4 \
  --defsym=__MPLAB_BUILD=1 \
  -Mdist/default/production/pwm_fan_control.X.production.map -E1 \
  -ver=XC8 Compiler --acfsm=1493 -ASTACK=0CCh-07FFh -pstack=STACK \
  -ACODE=02000h-07FFFh -ACONST=02000h-07FFFh -ASMALLCONST=02000h-020FFhx96 \
  -AMEDIUMCONST=02000h-07FFFh -ACOMRAM=01h-05Fh -AABS1=00h-07FFh \
  -ABIGRAM=01h-07FFh -ARAM=060h-0FFh,0100h-01FFhx7 -ABANK0=060h-0FFh \
  -ABANK1=0100h-01FFh -ABANK2=0200h-02FFh -ABANK3=0300h-03FFh \
  -ABANK4=0400h-04FFh -ABANK5=0500h-05FFh -ABANK6=0600h-06FFh \
  -ABANK7=0700h-07FFh -ASFR=0F53h-0F5Fh,0F60h-0FFFh \
  -ACONFIG=0300000h-030000Dh -AIDLOC=0200000h-0200007h \
  -AEEDATA=0F00000h-0F000FFh -peeprom_data=EEDATA \
  -preset_vec=02000h,intcode,intcodelo,powerup,init -pramtop=0800h \
  -psmallconst=SMALLCONST -pmediumconst=MEDIUMCONST -pconst=CONST \
  -AFARRAM=00h-00h \
  -prdata=COMRAM,nvrram=COMRAM,nvbit=COMRAM,rbss=COMRAM,rbit=COMRAM \
  -pfarbss=FARRAM,fardata=FARRAM,nvFARRAM=FARRAM \
  -pintsave_regs=BIGRAM,bigbss=BIGRAM,bigdata=BIGRAM -pbss=RAM \
  -pidata=CODE,irdata=CODE,ibigdata=CODE,ifardata=CODE -prparam=COMRAM \
  C:\Users\colef\AppData\Local\Temp\xcAst0s.o \
  dist/default/production\pwm_fan_control.X.production.o 

Object code version is 3.11

Machine type is 18F25K50



                Name                               Link     Load   Length Selector   Space Scale
C:\Users\colef\AppData\Local\Temp\xcAst0s.o
                idloc                            200000   200000        8        0       5
                config                           300000   300000        E        0       4
                init                               2000     2000        4     1000       0
dist/default/production\pwm_fan_control.X.production.o
                idloc                            200000   200000        8        0       5
                config                           300000   300000        E        0       4
                text12                             714A     714A      10C     38A5       0
                text11                             783C     783C      39A     3C1E       0
                text10                             7BD6     7BD6      42A     3DEB       0
                text9                              6F3E     6F3E      106     379F       0
                text8                              6CF8     6CF8       26     367C       0
                text7                              73F0     73F0      1B4     39F8       0
                text6                              7044     7044      106     3822       0
                text5                              6DD4     6DD4       B4     36EA       0
                text4                              6CE6     6CE6       12     3673       0
                text3                              7256     7256      19A     392B       0
                text2                              6D4C     6D4C       88     36A6       0
                text1                              6E88     6E88       B6     3744       0
                text0                              75A4     75A4      298     3AD2       0
                cstackCOMRAM                          1        1       5F        1       1
                cstackBANK0                          BA       BA       10       60       1
                dataBANK0                            CA       CA        2       60       1
                bssBANK0                             60       60       5A       60       1
                cinit                              6D1E     6D1E       2E     368F       0
                idataBANK0                         6CE4     6CE4        2     6CE4       0

TOTAL           Name                               Link     Load   Length     Space
        CLASS   STACK          

        CLASS   CODE           
                init                               2000     2000        4         0
                text12                             714A     714A      10C         0
                text11                             783C     783C      39A         0
                text10                             7BD6     7BD6      42A         0
                text9                              6F3E     6F3E      106         0
                text8                              6CF8     6CF8       26         0
                text7                              73F0     73F0      1B4         0
                text6                              7044     7044      106         0
                text5                              6DD4     6DD4       B4         0
                text4                              6CE6     6CE6       12         0
                text3                              7256     7256      19A         0
                text2                              6D4C     6D4C       88         0
                text1                              6E88     6E88       B6         0
                text0                              75A4     75A4      298         0
                cinit                              6D1E     6D1E       2E         0
                idataBANK0                         6CE4     6CE4        2         0

        CLASS   CONST          

        CLASS   SMALLCONST     

        CLASS   MEDIUMCONST    

        CLASS   COMRAM         
                cstackCOMRAM                          1        1       5F         1

        CLASS   ABS1           

        CLASS   BIGRAM         

        CLASS   RAM            

        CLASS   BANK0          
                cstackBANK0                          BA       BA       10         1
                dataBANK0                            CA       CA        2         1
                bssBANK0                             60       60       5A         1

        CLASS   BANK1          

        CLASS   BANK2          

        CLASS   BANK3          

        CLASS   BANK4          

        CLASS   BANK5          

        CLASS   BANK6          

        CLASS   BANK7          

        CLASS   SFR            

        CLASS   CONFIG         
                config                           300000   300000        E         4

        CLASS   IDLOC          
                idloc                            200000   200000        8         5

        CLASS   EEDATA         

        CLASS   FARRAM         



SEGMENTS        Name                           Load    Length   Top    Selector   Space  Class

                cstackCOMRAM                   000001  00005F  000060         1       1  COMRAM  
                bssBANK0                       000060  00006C  0000CC        60       1  BANK0   
                reset_vec                      002000  000004  002004      1000       0  CODE    
                idataBANK0                     006CE4  000002  006CE6      6CE4       0  CODE    
                text4                          006CE6  000012  006CF8      3673       0  CODE    
                text8                          006CF8  000026  006D1E      367C       0  CODE    
                cinit                          006D1E  00002E  006D4C      368F       0  CODE    
                text2                          006D4C  000088  006DD4      36A6       0  CODE    
                text5                          006DD4  0000B4  006E88      36EA       0  CODE    
                text1                          006E88  0000B6  006F3E      3744       0  CODE    
                text9                          006F3E  000106  007044      379F       0  CODE    
                text6                          007044  000106  00714A      3822       0  CODE    
                text12                         00714A  00010C  007256      38A5       0  CODE    
                text3                          007256  00019A  0073F0      392B       0  CODE    
                text7                          0073F0  0001B4  0075A4      39F8       0  CODE    
                text0                          0075A4  000298  00783C      3AD2       0  CODE    
                text11                         00783C  00039A  007BD6      3C1E       0  CODE    
                text10                         007BD6  00042A  008000      3DEB       0  CODE    


UNUSED ADDRESS RANGES

        Name                Unused          Largest block    Delta
        BANK0            0000CC-0000FF               34
        BANK1            000100-0001FF              100
        BANK2            000200-0002FF              100
        BANK3            000300-0003FF              100
        BANK4            000400-0004FF              100
        BANK5            000500-0005FF              100
        BANK6            000600-0006FF              100
        BANK7            000700-0007FF              100
        BIGRAM           0000CC-0007FF              734
        CODE             002004-006CE3             4CE0
        CONST            002004-006CE3             4CE0
        EEDATA           F00000-F000FF              100
        FARRAM           000000-000000                1
        MEDIUMCONST      002004-006CE3             4CE0
        RAM              0000CC-0007FF              100
        SFR              000F53-000FFF                D
        SMALLCONST       002004-006CE3              100
        STACK            0000CC-0007FF              734

                                  Symbol Table

?_TON                    cstackCOMRAM 000005
?___aldiv                cstackCOMRAM 000007
?___fldiv                cstackCOMRAM 000023
?___flmul                cstackCOMRAM 00003C
?___fltol                cstackCOMRAM 000055
?___llmod                cstackCOMRAM 000005
?___wmul                 cstackCOMRAM 000001
?___xxtofl               cstackCOMRAM 000015
?_millis                 cstackCOMRAM 000001
?_oneShot                cstackCOMRAM 000019
PWM_Duty@duty            cstackBANK0  0000BA
TON@input                cstackCOMRAM 000005
TON@preset               cstackCOMRAM 000007
TON@timerNumber          cstackCOMRAM 000009
_CCP1M2                  (abs)        007DEA
_CCP1M3                  (abs)        007DEB
_CCP1X                   (abs)        007DED
_CCP1Y                   (abs)        007DEC
_CCPR1L                  (abs)        000FBE
_LATCbits                (abs)        000F8B
_ONSTracker              bssBANK0     0000B8
_PORTBbits               (abs)        000F81
_PR2                     (abs)        000FBB
_PWM_Duty                text6        007044
_PWM_Initialize          text5        006DD4
_PWM_freq                dataBANK0    0000CA
_T2CKPS0                 (abs)        007DD0
_T2CKPS1                 (abs)        007DD1
_T2CON                   (abs)        000FBA
_TMR2ON                  (abs)        007DD2
_TMR2PRESCALE            bssBANK0     0000B4
_TON                     text3        007256
_TRISBbits               (abs)        000F93
_TRISC2                  (abs)        007CA2
_TRISCbits               (abs)        000F94
__HRAM                   (abs)        000000
__Habs1                  abs1         000000
__Hbank0                 bank0        000000
__Hbank1                 bank1        000000
__Hbank2                 bank2        000000
__Hbank3                 bank3        000000
__Hbank4                 bank4        000000
__Hbank5                 bank5        000000
__Hbank6                 bank6        000000
__Hbank7                 bank7        000000
__Hbigbss                bigbss       000000
__Hbigdata               bigdata      000000
__Hbigram                bigram       000000
__Hbss                   bss          000000
__HbssBANK0              bssBANK0     000000
__Hcinit                 cinit        000000
__Hclrtext               clrtext      000000
__Hcomram                comram       000000
__Hconfig                config       30000E
__Hconst                 const        000000
__HcstackBANK0           cstackBANK0  000000
__HcstackCOMRAM          cstackCOMRAM 000000
__Hdata                  data         000000
__HdataBANK0             dataBANK0    000000
__Heeprom_data           eeprom_data  000000
__Hfarbss                farbss       000000
__Hfardata               fardata      000000
__Hibigdata              ibigdata     000000
__Hidata                 idata        000000
__HidataBANK0            idataBANK0   000000
__Hidloc                 idloc        200008
__Hifardata              ifardata     000000
__Hinit                  init         002004
__Hintcode               intcode      002000
__Hintcode_body          intcode_body 000000
__Hintcodelo             intcodelo    002000
__Hintentry              intentry     000000
__Hintret                intret       000000
__Hintsave_regs          intsave_regs 000000
__Hirdata                irdata       000000
__Hmediumconst           mediumconst  000000
__HnvFARRAM              nvFARRAM     000000
__Hnvbit                 nvbit        000000
__Hnvrram                nvrram       000000
__Hparam                 rparam       000000
__Hpowerup               powerup      002000
__Hram                   ram          000000
__Hramtop                ramtop       000800
__Hrbit                  rbit         000000
__Hrbss                  rbss         000000
__Hrdata                 rdata        000000
__Hreset_vec             reset_vec    002000
__Hrparam                rparam       000000
__Hsfr                   sfr          000000
__Hsmallconst            smallconst   000000
__Hspace_0               (abs)        008000
__Hspace_1               (abs)        0000CC
__Hspace_2               (abs)        000000
__Hspace_4               (abs)        60000E
__Hstack                 stack        000000
__Hstruct                struct       000000
__Htemp                  temp         000000
__Htext                  text         000000
__Htext0                 text0        000000
__Htext1                 text1        000000
__Htext10                text10       000000
__Htext11                text11       000000
__Htext12                text12       000000
__Htext2                 text2        000000
__Htext3                 text3        000000
__Htext4                 text4        000000
__Htext5                 text5        000000
__Htext6                 text6        000000
__Htext7                 text7        000000
__Htext8                 text8        000000
__Htext9                 text9        000000
__LRAM                   (abs)        000001
__Labs1                  abs1         000000
__Lbank0                 bank0        000000
__Lbank1                 bank1        000000
__Lbank2                 bank2        000000
__Lbank3                 bank3        000000
__Lbank4                 bank4        000000
__Lbank5                 bank5        000000
__Lbank6                 bank6        000000
__Lbank7                 bank7        000000
__Lbigbss                bigbss       000000
__Lbigdata               bigdata      000000
__Lbigram                bigram       000000
__Lbss                   bss          000000
__LbssBANK0              bssBANK0     000000
__Lcinit                 cinit        000000
__Lclrtext               clrtext      000000
__Lcomram                comram       000000
__Lconfig                config       000000
__Lconst                 const        000000
__LcstackBANK0           cstackBANK0  000000
__LcstackCOMRAM          cstackCOMRAM 000000
__Ldata                  data         000000
__LdataBANK0             dataBANK0    000000
__Leeprom_data           eeprom_data  000000
__Lfarbss                farbss       000000
__Lfardata               fardata      000000
__Libigdata              ibigdata     000000
__Lidata                 idata        000000
__LidataBANK0            idataBANK0   000000
__Lidloc                 idloc        000000
__Lifardata              ifardata     000000
__Linit                  init         002000
__Lintcode               intcode      002000
__Lintcode_body          intcode_body 000000
__Lintcodelo             intcodelo    002000
__Lintentry              intentry     000000
__Lintret                intret       000000
__Lintsave_regs          intsave_regs 000000
__Lirdata                irdata       000000
__Lmediumconst           mediumconst  000000
__LnvFARRAM              nvFARRAM     000000
__Lnvbit                 nvbit        000000
__Lnvrram                nvrram       000000
__Lparam                 rparam       000000
__Lpowerup               powerup      002000
__Lram                   ram          000000
__Lramtop                ramtop       000800
__Lrbit                  rbit         000000
__Lrbss                  rbss         000000
__Lrdata                 rdata        000000
__Lreset_vec             reset_vec    002000
__Lrparam                rparam       000000
__Lsfr                   sfr          000000
__Lsmallconst            smallconst   000000
__Lspace_0               (abs)        000000
__Lspace_1               (abs)        000000
__Lspace_2               (abs)        000000
__Lspace_4               (abs)        000000
__Lstack                 stack        000000
__Lstruct                struct       000000
__Ltemp                  temp         000000
__Ltext                  text         000000
__Ltext0                 text0        000000
__Ltext1                 text1        000000
__Ltext10                text10       000000
__Ltext11                text11       000000
__Ltext12                text12       000000
__Ltext2                 text2        000000
__Ltext3                 text3        000000
__Ltext4                 text4        000000
__Ltext5                 text5        000000
__Ltext6                 text6        000000
__Ltext7                 text7        000000
__Ltext8                 text8        000000
__Ltext9                 text9        000000
__S0                     (abs)        008000
__S1                     (abs)        0000CC
__S2                     (abs)        000000
__S4                     (abs)        000000
__S5                     (abs)        000000
___aldiv                 text12       00714A
___aldiv@counter         cstackCOMRAM 00000F
___aldiv@dividend        cstackCOMRAM 000007
___aldiv@divisor         cstackCOMRAM 00000B
___aldiv@quotient        cstackCOMRAM 000011
___aldiv@sign            cstackCOMRAM 000010
___fldiv                 text11       00783C
___fldiv@a               cstackCOMRAM 000027
___fldiv@aexp            cstackCOMRAM 00003B
___fldiv@b               cstackCOMRAM 000023
___fldiv@bexp            cstackCOMRAM 00003A
___fldiv@grs             cstackCOMRAM 000036
___fldiv@new_exp         cstackCOMRAM 000034
___fldiv@rem             cstackCOMRAM 00002F
___fldiv@sign            cstackCOMRAM 000033
___flmul                 text10       007BD6
___flmul@a               cstackCOMRAM 000040
___flmul@aexp            cstackCOMRAM 00004D
___flmul@b               cstackCOMRAM 00003C
___flmul@bexp            cstackCOMRAM 00004E
___flmul@grs             cstackCOMRAM 000049
___flmul@prod            cstackCOMRAM 00004F
___flmul@sign            cstackCOMRAM 000048
___flmul@temp            cstackCOMRAM 000053
___fltol                 text9        006F3E
___fltol@exp1            cstackCOMRAM 00005E
___fltol@f1              cstackCOMRAM 000055
___fltol@sign1           cstackCOMRAM 00005D
___inthi_sp              stack        000000
___intlo_sp              stack        000000
___llmod                 text2        006D4C
___llmod@counter         cstackCOMRAM 00000D
___llmod@dividend        cstackCOMRAM 000005
___llmod@divisor         cstackCOMRAM 000009
___param_bank            (abs)        000000
___rparam_used           (abs)        000001
___sp                    stack        000000
___wmul                  text8        006CF8
___wmul@multiplicand     cstackCOMRAM 000003
___wmul@multiplier       cstackCOMRAM 000001
___wmul@product          cstackCOMRAM 000005
___xxtofl                text7        0073F0
___xxtofl@arg            cstackCOMRAM 00001F
___xxtofl@exp            cstackCOMRAM 00001E
___xxtofl@sign           cstackCOMRAM 00001D
___xxtofl@val            cstackCOMRAM 000015
__accesstop              (abs)        000060
__activetblptr           (abs)        000002
__end_of_PWM_Duty        text6        00714A
__end_of_PWM_Initialize  text5        006E88
__end_of_TON             text3        0073F0
__end_of___aldiv         text12       007256
__end_of___fldiv         text11       007BD6
__end_of___flmul         text10       008000
__end_of___fltol         text9        007044
__end_of___llmod         text2        006DD4
__end_of___wmul          text8        006D1E
__end_of___xxtofl        text7        0075A4
__end_of__initialization cinit        006D42
__end_of_main            text0        00783C
__end_of_millis          text4        006CF8
__end_of_oneShot         text1        006F3E
__initialization         cinit        006D1E
__mediumconst            mediumconst  000000
__pbssBANK0              bssBANK0     000060
__pcinit                 cinit        006D1E
__pcstackBANK0           cstackBANK0  0000BA
__pcstackCOMRAM          cstackCOMRAM 000001
__pdataBANK0             dataBANK0    0000CA
__pidataBANK0            idataBANK0   006CE4
__ptext0                 text0        0075A4
__ptext1                 text1        006E88
__ptext10                text10       007BD6
__ptext11                text11       00783C
__ptext12                text12       00714A
__ptext2                 text2        006D4C
__ptext3                 text3        007256
__ptext4                 text4        006CE6
__ptext5                 text5        006DD4
__ptext6                 text6        007044
__ptext7                 text7        0073F0
__ptext8                 text8        006CF8
__ptext9                 text9        006F3E
__ramtop                 ramtop       000800
__size_of_PWM_Duty       (abs)        000000
__size_of_PWM_Initialize (abs)        000000
__size_of_TON            (abs)        000000
__size_of___aldiv        (abs)        000000
__size_of___fldiv        (abs)        000000
__size_of___flmul        (abs)        000000
__size_of___fltol        (abs)        000000
__size_of___llmod        (abs)        000000
__size_of___wmul         (abs)        000000
__size_of___xxtofl       (abs)        000000
__size_of_main           (abs)        000000
__size_of_millis         (abs)        000000
__size_of_oneShot        (abs)        000000
__smallconst             smallconst   000000
_main                    text0        0075A4
_main$884                cstackBANK0  0000C4
_millis                  text4        006CE6
_milliseconds            bssBANK0     0000B0
_oneShot                 text1        006E88
_oneShotBits             bssBANK0     0000A0
_timerInSession          bssBANK0     000090
_timerMemory             bssBANK0     000080
_timerTimers             bssBANK0     000060
_timerTracker            bssBANK0     0000B6
end_of_initialization    cinit        006D42
intlevel0                text         000000
intlevel1                text         000000
intlevel2                text         000000
intlevel3                text         000000
isa$std                  (abs)        000001
isa$xinst                (abs)        000000
main@donePulsing         cstackBANK0  0000C6
main@mode                cstackBANK0  0000C8
main@numBlinks           cstackBANK0  0000C2
main@stopper             cstackBANK0  0000BE
oneShot@OSR              cstackCOMRAM 00001B
oneShot@precond          cstackCOMRAM 000019
stackhi                  (abs)        0007FF
stacklo                  (abs)        0000CC
start                    init         002000
start_initialization     cinit        006D1E


MODULE INFORMATION

Module		Function		Class		Link	Load	Size
C:\Program Files\Microchip\xc8\v2.32\pic\sources\c99\common\aldiv.c
		___aldiv       		CODE           	714A	0000	268

C:\Program Files\Microchip\xc8\v2.32\pic\sources\c99\common\aldiv.c estimated size: 268

C:\Program Files\Microchip\xc8\v2.32\pic\sources\c99\common\llmod.c
		___llmod       		CODE           	6D4C	0000	136

C:\Program Files\Microchip\xc8\v2.32\pic\sources\c99\common\llmod.c estimated size: 136

C:\Program Files\Microchip\xc8\v2.32\pic\sources\c99\common\Umul16.c
		___wmul        		CODE           	6CF8	0000	38

C:\Program Files\Microchip\xc8\v2.32\pic\sources\c99\common\Umul16.c estimated size: 38

shared
		__initialization		CODE           	6D1E	0000	36

shared estimated size: 36

C:\Program Files\Microchip\xc8\v2.32\pic\sources\c99\common\sprcmul.c
		___flmul       		CODE           	7BD6	0000	1066

C:\Program Files\Microchip\xc8\v2.32\pic\sources\c99\common\sprcmul.c estimated size: 1066

C:\Program Files\Microchip\xc8\v2.32\pic\sources\c99\common\sprcdiv.c
		___fldiv       		CODE           	783C	0000	922

C:\Program Files\Microchip\xc8\v2.32\pic\sources\c99\common\sprcdiv.c estimated size: 922

C:\Program Files\Microchip\xc8\v2.32\pic\sources\c99\common\fltol.c
		___fltol       		CODE           	6F3E	0000	262

C:\Program Files\Microchip\xc8\v2.32\pic\sources\c99\common\fltol.c estimated size: 262

C:\Program Files\Microchip\xc8\v2.32\pic\sources\c99\common\xxtofl.c
		___xxtofl      		CODE           	73F0	0000	436

C:\Program Files\Microchip\xc8\v2.32\pic\sources\c99\common\xxtofl.c estimated size: 436

main.c
		_TON           		CODE           	7256	0000	410
		_PWM_Duty      		CODE           	7044	0000	262
		_millis        		CODE           	6CE6	0000	18
		_PWM_Initialize		CODE           	6DD4	0000	180
		_main          		CODE           	75A4	0000	664
		_oneShot       		CODE           	6E88	0000	182

main.c estimated size: 1716

